
> frontend@0.0.0 build
> vite build

[36mvite v7.3.0 [32mbuilding client environment for production...[36m[39m
transforming...
[32mΓ£ô[39m 3 modules transformed.
node.exe : 
[31mΓ£ù[39m Build 
failed in 644ms
At line:1 char:1
+ & "C:\Program Files\
nodejs/node.exe" 
"C:\Program 
Files\nodejs/node_mo 
...
+ ~~~~~~~~~~~~~~~~~~~~
~~~~~~~~~~~~~~~~~~~~~~
~~~~~~~~~~~~~~~~~~~~~~
~~~~~
    + CategoryInfo    
          : NotSpeci  
  fied: ([31mΓ£ù[   
 39m Build failed     
in 644ms:String)     
[], RemoteExcepti    
on
    + FullyQualifiedE 
   rrorId : NativeCo  
  mmandError
 
[31merror during 
build:
[31m[vite:css] 
[postcss] C:/TCU hacka
thon/talentbridge/fron
tend/src/index.css:126
:5: @apply should not 
be used with the 
'group' utility[31m
file: [36mC:/TCU hack
athon/talentbridge/fro
ntend/src/index.css:12
6:4[31m
    at Input.error 
(C:\TCU hackathon\tale
ntbridge\frontend\node
_modules\postcss\lib\i
nput.js:135:16)
    at AtRule.error 
(C:\TCU hackathon\tale
ntbridge\frontend\node
_modules\postcss\lib\n
ode.js:146:32)
    at processApply 
(C:\TCU hackathon\tale
ntbridge\frontend\node
_modules\tailwindcss\l
ib\lib\expandApplyAtRu
les.js:377:29)
    at C:\TCU hackatho
n\talentbridge\fronten
d\node_modules\tailwin
dcss\lib\lib\expandApp
lyAtRules.js:538:9
    at C:\TCU hackatho
n\talentbridge\fronten
d\node_modules\tailwin
dcss\lib\processTailwi
ndFeatures.js:57:50
    at async plugins 
(C:\TCU hackathon\tale
ntbridge\frontend\node
_modules\tailwindcss\l
ib\plugin.js:38:17)
    at async 
LazyResult.runAsync 
(C:\TCU hackathon\tale
ntbridge\frontend\node
_modules\postcss\lib\l
azy-result.js:293:11)
    at async 
runPostCSS (file:///C:
/TCU%20hackathon/talen
tbridge/frontend/node_
modules/vite/dist/node
/chunks/config.js:3014
4:19)
    at async 
compilePostCSS (file:/
//C:/TCU%20hackathon/t
alentbridge/frontend/n
ode_modules/vite/dist/
node/chunks/config.js:
30128:6)
    at async 
compileCSS (file:///C:
/TCU%20hackathon/talen
tbridge/frontend/node_
modules/vite/dist/node
/chunks/config.js:3005
8:26)[39m
